===============================================
This module defines function 'text_indentation'
===============================================

>>> text_indentation = __import__('5-text_indentation').text_indentation

>>> text_indentation("I am Simara. I dont like TDD")
I am Simara
I dont like TDD

>>> text_indentation("Simara")
Simara

>>> text_indentation()
Traceback (most recent call last):
    ...
TypeError: text_indentation() missing 1 required positional argument: 'text'

>>> text_indentation(8)
Traceback (most recent call last):
    ...
TypeError: text must be a string
